<pre class="css"><span style="color: #6666ff;">.xformsItem</span> 
<span style="color: #66cc66;">&#123;</span> 
<span style="color: #808080; font-style: italic;">/*  border: 1px dashed blue; */</span> 
    <span style="color: #000000; font-weight: bold;">margin-right</span>: <span style="color: #933;">2px</span>; 
    <span style="color: #000000; font-weight: bold;">clear</span>: <span style="color: #993333;">both</span>; 
    <span style="color: #000000; font-weight: bold;">aqua</span>: toto;
<span style="color: #66cc66;">&#125;</span>
&nbsp;</pre>